
[1m[37m===[39m Deploying to 'stock-f2ee7'...[22m

[36m[1mi [22m[39m deploying [1mfunctions, hosting[22m
[36m[1mi  functions:[22m[39m preparing codebase [1mdefault[22m for deployment
[36m[1mi  functions:[22m[39m ensuring required API [1mcloudfunctions.googleapis.com[22m is enabled...
[36m[1mi  functions:[22m[39m ensuring required API [1mcloudbuild.googleapis.com[22m is enabled...
[36m[1mi  artifactregistry:[22m[39m ensuring required API [1martifactregistry.googleapis.com[22m is enabled...
[32m[1m✔  functions:[22m[39m required API [1mcloudfunctions.googleapis.com[22m is enabled
[32m[1m✔  artifactregistry:[22m[39m required API [1martifactregistry.googleapis.com[22m is enabled
[32m[1m✔  functions:[22m[39m required API [1mcloudbuild.googleapis.com[22m is enabled
[33m[1m⚠  functions:[22m[39m Runtime Node.js 20 was deprecated on 2026-04-30 and will be decommissioned on 2026-10-30, after which you will not be able to deploy without upgrading. Consider upgrading now to avoid disruption. See https://cloud.google.com/functions/docs/runtime-support for full details on the lifecycle policy
[36m[1mi  functions:[22m[39m Loading and analyzing source code for codebase default to determine what to deploy
Serving at port 8485

SyntaxError: The requested module './src/services/api.js' does not provide an export named 'app'
    at ModuleJobSync.runSync (node:internal/modules/esm/module_job:423:37)
    at ModuleLoader.importSyncForRequire (node:internal/modules/esm/loader:389:47)
    at loadESMFromCJS (node:internal/modules/cjs/loader:1363:24)
    at Module._compile (node:internal/modules/cjs/loader:1503:5)
    at Module._extensions..js (node:internal/modules/cjs/loader:1623:10)
    at Module.load (node:internal/modules/cjs/loader:1266:32)
    at Module._load (node:internal/modules/cjs/loader:1091:12)
    at Module.require (node:internal/modules/cjs/loader:1289:19)
    at require (node:internal/modules/helpers:182:18)
    at loadModule (/home/runner/work/stock-noti/stock-noti/node_modules/firebase-functions/lib/runtime/loader.js:20:10)


[1m[31mError:[39m[22m Functions codebase could not be analyzed successfully. It may have a syntax or runtime error
